[backblue.gif]
[fade.gif]
[index.html]
[siceuc.ucol.mx/css/bootstrap.css]
[siceuc.ucol.mx/js/jquery.min.js]
[siceuc.ucol.mx/css/style.css]
[siceuc.ucol.mx/js/bootstrap.js]
[siceuc.ucol.mx/img/logo.png]
[siceuc.ucol.mx/md5.js]
[siceuc.ucol.mx/img/lineatabla.gif]
[siceuc.ucol.mx/img/AppImage.jpg]
[siceuc.ucol.mx/img/anuies.png]
[siceuc.ucol.mx/img/unesco.png]
[siceuc.ucol.mx/img/consorcio.png]
[siceuc.ucol.mx/img/contraloria.png]
[siceuc.ucol.mx/img/transparencia.png]
[siceuc.ucol.mx/index.html]
[siceuc.ucol.mx/css/bootstrap.css]
[siceuc.ucol.mx/css/websymbols/websymbols-regular-webfont.eot]
[siceuc.ucol.mx/css/websymbols/websymbols-regular-webfontd41d.eot]
[siceuc.ucol.mx/css/websymbols/websymbols-regular-webfont.woff]
[siceuc.ucol.mx/css/websymbols/websymbols-regular-webfont.ttf]
[siceuc.ucol.mx/img/header-bg.png]
[siceuc.ucol.mx/img/header-shadow.png]
[siceuc.ucol.mx/img/menu-sep.png]
[siceuc.ucol.mx/img/nav-act.png]
[siceuc.ucol.mx/img/nav-dd.png]
[siceuc.ucol.mx/img/titulo_overlay.png]
[siceuc.ucol.mx/img/bgtitulos.png]
[siceuc.ucol.mx/img/lineaverde.png]
[siceuc.ucol.mx/img/carousel-control.png]
[siceuc.ucol.mx/img/social-profiles.png]
[siceuc.ucol.mx/img/footer-shadow.png]
[siceuc.ucol.mx/img/icons.png]
[siceuc.ucol.mx/css/style.css]
[siceuc.ucol.mx/evaluaciones.html]
[siceuc.ucol.mx/conocenos/contacto.html]
[siceuc.ucol.mx/conocenos/rendicion-cuentas.html]
[siceuc.ucol.mx/conocenos/mapa.html]
[siceuc.ucol.mx/css/websymbols/websymbols-regular-webfont.svg]
[siceuc.ucol.mx/img/widget-title.html]
[siceuc.ucol.mx/img/titulosFooter.html]
[siceuc.ucol.mx/index-2.html]
[siceuc.ucol.mx/reinscripciones.html]
